---
source: tests/snapshots.rs
expression: "harness.render(60, 20)"
---
Buffer {
    area: Rect { x: 0, y: 0, width: 60, height: 20 },
    content: [
        " TUI KANBAN   Snapshot Board                         saved  ",
        "╭──────────────────────────────────────────────────────────╮",
        "│ Backlog  3                                               │",
        "│╭────────────────────────────────────────────────────────╮│",
        "││Write the README                                        ││",
        "││                                                        ││",
        "││Cover install, usage, keys and the file format.         ││",
        "││ Backlog  •  updated 1d                                 ││",
        "│╰────────────────────────────────────────────────────────╯│",
        "│╭────────────────────────────────────────────────────────╮│",
        "││Record a demo                                           ││",
        "││                                                        ││",
        "││Commit the .tape file too.                              ││",
        "││ Backlog  •  updated 3d                                 ││",
        "│╰────────────────────────────────────────────────────────╯│",
        "│                                                          │",
        "│                                                          │",
        "│                                                          │",
        "╰──────────────────────────────────────────────────────────╯",
        " tab rail  •  v view  •  hjkl move  •  n new  •  e edit  •  ",
    ],
    styles: [
        x: 0, y: 0, fg: Reset, bg: Reset, underline: Reset, modifier: BOLD,
        x: 12, y: 0, fg: Reset, bg: Reset, underline: Reset, modifier: NONE,
        x: 1, y: 2, fg: Reset, bg: Reset, underline: Reset, modifier: BOLD,
        x: 10, y: 2, fg: Reset, bg: Reset, underline: Reset, modifier: NONE,
        x: 1, y: 3, fg: Reset, bg: Reset, underline: Reset, modifier: REVERSED,
        x: 59, y: 3, fg: Reset, bg: Reset, underline: Reset, modifier: NONE,
        x: 1, y: 4, fg: Reset, bg: Reset, underline: Reset, modifier: REVERSED,
        x: 2, y: 4, fg: Reset, bg: Reset, underline: Reset, modifier: BOLD | REVERSED,
        x: 58, y: 4, fg: Reset, bg: Reset, underline: Reset, modifier: REVERSED,
        x: 59, y: 4, fg: Reset, bg: Reset, underline: Reset, modifier: NONE,
        x: 1, y: 5, fg: Reset, bg: Reset, underline: Reset, modifier: REVERSED,
        x: 2, y: 5, fg: Reset, bg: Reset, underline: Reset, modifier: BOLD | REVERSED,
        x: 58, y: 5, fg: Reset, bg: Reset, underline: Reset, modifier: REVERSED,
        x: 59, y: 5, fg: Reset, bg: Reset, underline: Reset, modifier: NONE,
        x: 1, y: 6, fg: Reset, bg: Reset, underline: Reset, modifier: REVERSED,
        x: 2, y: 6, fg: Reset, bg: Reset, underline: Reset, modifier: DIM | REVERSED,
        x: 58, y: 6, fg: Reset, bg: Reset, underline: Reset, modifier: REVERSED,
        x: 59, y: 6, fg: Reset, bg: Reset, underline: Reset, modifier: NONE,
        x: 1, y: 7, fg: Reset, bg: Reset, underline: Reset, modifier: REVERSED,
        x: 59, y: 7, fg: Reset, bg: Reset, underline: Reset, modifier: NONE,
        x: 1, y: 8, fg: Reset, bg: Reset, underline: Reset, modifier: REVERSED,
        x: 59, y: 8, fg: Reset, bg: Reset, underline: Reset, modifier: NONE,
        x: 2, y: 12, fg: Reset, bg: Reset, underline: Reset, modifier: DIM,
        x: 58, y: 12, fg: Reset, bg: Reset, underline: Reset, modifier: NONE,
        x: 0, y: 19, fg: Reset, bg: Reset, underline: Reset, modifier: DIM,
    ]
}
