---
source: tests/snapshots.rs
expression: "harness.screen(width, height)"
---
 Snapshot Board   Board · All tasks

 Backlog  3
 ▔▔▔▔▔▔▔▔▔▔▔▔▔▔▔▔▔▔▔▔▔▔▔▔▔▔▔▔▔▔▔▔▔▔▔▔▔▔▔▔▔▔▔▔▔▔▔▔▔▔▔▔▔▔▔▔▔▔

 ▌ Write the README
 ▌ Cover install, usage, keys and the file format.
 ▌ ◷ 1d ago

 ▎ Record a demo
 ▎ Commit the .tape file too.
 ▎ ◷ 3d ago

 ▎ Package release binaries
 ▎ ◷ Aug 20

 In Progress  2
 ▔▔▔▔▔▔▔▔▔▔▔▔▔▔▔▔▔▔▔▔▔▔▔▔▔▔▔▔▔▔▔▔▔▔▔▔▔▔▔▔▔▔▔▔▔▔▔▔▔▔▔▔▔▔▔▔▔▔
 ↓ 4 more
 ALL TASKS   ● saved   j/k card   h/l column   v view
