---
source: tests/snapshots.rs
expression: "harness.screen(160, 45)"
---
 TUI KANBAN   Snapshot Board   [BOARD]                                                                                                                   saved
 COLUMNS           │╭─────────╮ ╭─────────╮ ╭─────────╮ ╭─────────╮ ╭─────────╮ ╭─────────╮ ╭─────────╮ ╭─────────╮ ╭─────────╮ ╭────────╮ ╭────────╮ ╭────────╮
                    │ Stage 1 │ │ Stage 2 │ │ Stage 3 │ │ Stage 4 │ │ Stage 5 │ │ Stage 6 │ │ Stage 7 │ │ Stage 8 │ │ Stage 9 │ │ Stage 1│ │ Stage 1│ │ Stage 1│
 ▌ Stage 1 1        │╭───────╮│ │╭───────╮│ │╭───────╮│ │╭───────╮│ │╭───────╮│ │╭───────╮│ │╭───────╮│ │╭───────╮│ │╭───────╮│ │╭──────╮│ │╭──────╮│ │╭──────╮│
   Stage 2 1        ││Task in││ ││Task in││ ││Task in││ ││Task in││ ││Task in││ ││Task in││ ││Task in││ ││Task in││ ││Task in││ ││Task  ││ ││Task  ││ ││Task  ││
   Stage 3 1        ││stage 1││ ││stage 2││ ││stage 3││ ││stage 4││ ││stage 5││ ││stage 6││ ││stage 7││ ││stage 8││ ││stage 9││ ││in    ││ ││in    ││ ││in    ││
   Stage 4 1        ││No     ││ ││No     ││ ││No     ││ ││No     ││ ││No     ││ ││No     ││ ││No     ││ ││No     ││ ││No     ││ ││No    ││ ││No    ││ ││No    ││
   Stage 5 1        ││ Stage…││ ││ Stage…││ ││ Stage…││ ││ Stage…││ ││ Stage…││ ││ Stage…││ ││ Stage…││ ││ Stage…││ ││ Stage…││ ││ Stag…││ ││ Stag…││ ││ Stag…││
   Stage 6 1        │╰───────╯│ │╰───────╯│ │╰───────╯│ │╰───────╯│ │╰───────╯│ │╰───────╯│ │╰───────╯│ │╰───────╯│ │╰───────╯│ │╰──────╯│ │╰──────╯│ │╰──────╯│
   Stage 7 1        │         │ │         │ │         │ │         │ │         │ │         │ │         │ │         │ │         │ │        │ │        │ │        │
   Stage 8 1        │         │ │         │ │         │ │         │ │         │ │         │ │         │ │         │ │         │ │        │ │        │ │        │
   Stage 9 1        │         │ │         │ │         │ │         │ │         │ │         │ │         │ │         │ │         │ │        │ │        │ │        │
   Stage 1…1        │         │ │         │ │         │ │         │ │         │ │         │ │         │ │         │ │         │ │        │ │        │ │        │
   Stage 1…1        │         │ │         │ │         │ │         │ │         │ │         │ │         │ │         │ │         │ │        │ │        │ │        │
   Stage 1…1        │         │ │         │ │         │ │         │ │         │ │         │ │         │ │         │ │         │ │        │ │        │ │        │
                    │         │ │         │ │         │ │         │ │         │ │         │ │         │ │         │ │         │ │        │ │        │ │        │
                    │         │ │         │ │         │ │         │ │         │ │         │ │         │ │         │ │         │ │        │ │        │ │        │
                    │         │ │         │ │         │ │         │ │         │ │         │ │         │ │         │ │         │ │        │ │        │ │        │
                    │         │ │         │ │         │ │         │ │         │ │         │ │         │ │         │ │         │ │        │ │        │ │        │
                    │         │ │         │ │         │ │         │ │         │ │         │ │         │ │         │ │         │ │        │ │        │ │        │
                    │         │ │         │ │         │ │         │ │         │ │         │ │         │ │         │ │         │ │        │ │        │ │        │
                    │         │ │         │ │         │ │         │ │         │ │         │ │         │ │         │ │         │ │        │ │        │ │        │
                    │         │ │         │ │         │ │         │ │         │ │         │ │         │ │         │ │         │ │        │ │        │ │        │
                    │         │ │         │ │         │ │         │ │         │ │         │ │         │ │         │ │         │ │        │ │        │ │        │
                    │         │ │         │ │         │ │         │ │         │ │         │ │         │ │         │ │         │ │        │ │        │ │        │
                    │         │ │         │ │         │ │         │ │         │ │         │ │         │ │         │ │         │ │        │ │        │ │        │
                    │         │ │         │ │         │ │         │ │         │ │         │ │         │ │         │ │         │ │        │ │        │ │        │
                    │         │ │         │ │         │ │         │ │         │ │         │ │         │ │         │ │         │ │        │ │        │ │        │
                    │         │ │         │ │         │ │         │ │         │ │         │ │         │ │         │ │         │ │        │ │        │ │        │
                    │         │ │         │ │         │ │         │ │         │ │         │ │         │ │         │ │         │ │        │ │        │ │        │
                    │         │ │         │ │         │ │         │ │         │ │         │ │         │ │         │ │         │ │        │ │        │ │        │
                    │         │ │         │ │         │ │         │ │         │ │         │ │         │ │         │ │         │ │        │ │        │ │        │
                    │         │ │         │ │         │ │         │ │         │ │         │ │         │ │         │ │         │ │        │ │        │ │        │
                    │         │ │         │ │         │ │         │ │         │ │         │ │         │ │         │ │         │ │        │ │        │ │        │
                    │         │ │         │ │         │ │         │ │         │ │         │ │         │ │         │ │         │ │        │ │        │ │        │
                    │         │ │         │ │         │ │         │ │         │ │         │ │         │ │         │ │         │ │        │ │        │ │        │
                    │         │ │         │ │         │ │         │ │         │ │         │ │         │ │         │ │         │ │        │ │        │ │        │
                    │         │ │         │ │         │ │         │ │         │ │         │ │         │ │         │ │         │ │        │ │        │ │        │
                    │         │ │         │ │         │ │         │ │         │ │         │ │         │ │         │ │         │ │        │ │        │ │        │
                    │         │ │         │ │         │ │         │ │         │ │         │ │         │ │         │ │         │ │        │ │        │ │        │
                    │         │ │         │ │         │ │         │ │         │ │         │ │         │ │         │ │         │ │        │ │        │ │        │
                    │         │ │         │ │         │ │         │ │         │ │         │ │         │ │         │ │         │ │        │ │        │ │        │
                    │         │ │         │ │         │ │         │ │         │ │         │ │         │ │         │ │         │ │        │ │        │ │        │
                    ╰─────────╯ ╰─────────╯ ╰─────────╯ ╰─────────╯ ╰─────────╯ ╰─────────╯ ╰─────────╯ ╰─────────╯ ╰─────────╯ ╰────────╯ ╰────────╯ ╰────────╯
 tab rail  •  v view  •  hjkl move  •  n new  •  e edit  •  ? help
