---
source: tests/snapshots.rs
expression: "harness.screen(100, 40)"
---
 TUI KANBAN   Snapshot Board   [BOARD]                                                       saved
 COLUMNS           │╭──────────────────────────────────────────────────────────────────────────────╮
                    │ Backlog  3                                                                   │
 ▌ Backlog 3        │╭────────────────────────────────────────────────────────────────────────────╮│
   In Prog…2        ││Write the README                                                            ││
   Done    2        ││                                                                            ││
                    ││Cover install, usage, keys and the file format.                             ││
                    ││ Backlog  •  updated 1d                                                     ││
                    │╰────────────────────────────────────────────────────────────────────────────╯│
                    │╭────────────────────────────────────────────────────────────────────────────╮│
   ╭ Keyboard shortcuts ────────────────────────────────────────────────────────────────────────╮ ││
   │ Navigation                                    Details                                      │ ││
   │   v                toggle Board / All tasks     PageUp / PageDn  scroll description        │ ││
   │   Tab              focus rail / cards           H / L            move task from drawer     │ ││
   │   h / l or ← / →   select column                                                           │─╯│
   │   j / k or ↑ / ↓   select card                General                                      │─╮│
   │   Home / End       first / last card            ?                this help                 │ ││
   │   PageUp / PageDn  move by five cards           Esc              close or cancel           │ ││
   │                                                 q / Ctrl+C       quit                      │ ││
   │ Tasks                                                                                      │ ││
   │   n                new task                                                                │─╯│
   │   e                edit task                                                               │  │
   │   d                delete task                                                             │  │
   │   H / L            move task to column                                                     │  │
   │   Enter            open details                                                            │  │
   │   /                search                                                                  │  │
   │                                                                                            │  │
   │ Press any key to return                                                                    │  │
   ╰────────────────────────────────────────────────────────────────────────────────────────────╯  │
                    │                                                                              │
                    │                                                                              │
                    │                                                                              │
                    │                                                                              │
                    │                                                                              │
                    │                                                                              │
                    │                                                                              │
                    │                                                                              │
                    │                                                                              │
                    ╰──────────────────────────────────────────────────────────────────────────────╯
 j/k scroll  •  any other key close
