---
source: tests/snapshots.rs
expression: "harness.screen(100, 30)"
---
 TUI KANBAN   Snapshot Board   [BOARD]                                                       saved
 COLUMNS           │╭──────────────────────────────────────────────────────────────────────────────╮
                    │ In Progress  2                                                               │
   Backlog 3        │╭────────────────────────────────────────────────────────────────────────────╮│
 ▌ In Prog…2        ││Calmer card style                                                           ││
   Done    2        ││                                                                            ││
                    ││Tiles with an accent bar.                                                   ││
                    ││ In Progress  •  updated 12m                                                ││
                    │╰────────────────────────────────────────────────────────────────────────────╯│
                    │╭────────────────────────────────────────────────────────────────────────────╮│
                    ││Command table                                                               ││
                    ││                                                                            ││
                    ││Every keybinding defined once.                                              ││
                    ││ In Progress  •  updated 1h                                                 ││
                    │╰────────────────────────────────────────────────────────────────────────────╯│
                    │                                                                              │
                    │                                                                              │
                    │                                                                              │
                    │                                                                              │
                    │                                                                              │
                    │                                                                              │
                    │                                                                              │
                    │                                                                              │
                    │                                                                              │
                    │                                                                              │
                    │                                                                              │
                    │                                                                              │
                    │                                                                              │
                    ╰──────────────────────────────────────────────────────────────────────────────╯
 Tab rail  •  j/k column  •  Enter focus  •  v view  •  n new  •  / search  •  ? help
