---
source: tests/snapshots.rs
expression: "harness.screen(160, 45)"
---
 Snapshot Board   Board · All tasks

  Columns              Stage 1  1  Stage 2  1  Stage 3  1  Stage 4  1  Stage 5  1  Stage 6  1  Stage…  1  Stage…  1  Stage…  1  Stage…  1  Stage…  1  Stage…  1
                       ▔▔▔▔▔▔▔▔▔▔  ▔▔▔▔▔▔▔▔▔▔  ▔▔▔▔▔▔▔▔▔▔  ▔▔▔▔▔▔▔▔▔▔  ▔▔▔▔▔▔▔▔▔▔  ▔▔▔▔▔▔▔▔▔▔  ▔▔▔▔▔▔▔▔▔  ▔▔▔▔▔▔▔▔▔  ▔▔▔▔▔▔▔▔▔  ▔▔▔▔▔▔▔▔▔  ▔▔▔▔▔▔▔▔▔  ▔▔▔▔▔▔▔▔▔
 ▌ Stage 1         1
   Stage 2         1   ▌ Task in   ▎ Task in   ▎ Task in   ▎ Task in   ▎ Task in   ▎ Task in   ▎ Task     ▎ Task     ▎ Task     ▎ Task     ▎ Task     ▎ Task
   Stage 3         1   ▌ stage 1   ▎ stage 2   ▎ stage 3   ▎ stage 4   ▎ stage 5   ▎ stage 6   ▎ in…      ▎ in…      ▎ in…      ▎ in…      ▎ in…      ▎ in…
   Stage 4         1   ▌ ◷ 1h ag   ▎ ◷ 1h ag   ▎ ◷ 1h ag   ▎ ◷ 1h ag   ▎ ◷ 1h ag   ▎ ◷ 1h ag   ▎ ◷ 1h a   ▎ ◷ 1h a   ▎ ◷ 1h a   ▎ ◷ 1h a   ▎ ◷ 1h a   ▎ ◷ 1h a
   Stage 5         1
   Stage 6         1
   Stage 7         1
   Stage 8         1
   Stage 9         1
   Stage 10        1
   Stage 11        1
   Stage 12        1




























 BOARD   ● saved   Tab rail   j/k card   h/l column   v view   n new   Enter open   e edit   H/L move   d delete   / search   ? help
