---
source: tests/snapshots.rs
expression: "harness.screen(60, 20)"
---
 Snapshot Board   Board · All tasks
   ╭ Keys · Board ──────────────────────────────────────╮
 Ba│   /                   search                       │
 ▔▔│   Esc                 back / clear search          │▔▔
   │   Ctrl+N/Ctrl+P       next / previous match        │
 ▌ │   Backspace           remove the last filter term  │
 ▌ │                                                    │
 ▌ │ Columns                                            │
   │   z                   collapse / expand lane       │
 ▎ │                                                    │
 ▎ │ General                                            │
 ▎ │   ?                   this help                    │
   │   : / Ctrl+K          command palette              │
 ▎ │   Space               show the keys you can press  │
 ▎ │   q                   quit                         │
   │   Ctrl+C              quit (anywhere)              │
   │                                                    │
   │ j/k scroll   Esc close                             │
   ╰────────────────────────────────────────────────────╯
 HELP   ● saved   j/k scroll   Esc close
