---
source: tests/snapshots.rs
expression: "harness.screen(60, 20)"
---
 TUI KANBAN   Snapshot Board                         saved
╭──────────────────────────────────────────────────────────╮
│ Back╭ New task ────────────────────────────────────╮     │
│╭────│ Title      ╭────────────────────────────────╮│────╮│
││Writ│            │Add a short description         ││    ││
││    │            ╰────────────────────────────────╯│    ││
││Cove│ Description╭────────────────────────────────╮│    ││
││ Bac│            │Some details                    ││    ││
│╰────│            │                                ││────╯│
│╭────│            │                                ││────╮│
││Reco│            │                                ││    ││
││    │            │                                ││    ││
││Comm│            │                                ││    ││
││ Bac│            ╰────────────────────────────────╯│    ││
│╰────│Enter saves • Tab switches fields • Esc       │────╯│
│     │cancels                                       │     │
│     ╰──────────────────────────────────────────────╯     │
│                                                          │
╰──────────────────────────────────────────────────────────╯
 tab switch  •  enter save  •  esc cancel
