---
source: tests/snapshots.rs
expression: "harness.screen(60, 20)"
---
 TUI KANBAN   Snapshot Board                         saved
╭──╭ Keyboard shortcuts ────────────────────────────────╮──╮
│ B│ Editor, search and dialogs                         │  │
│╭─│   Enter               search: apply                │─╮│
││W│   Tab / Shift+Tab     editor: switch field         │ ││
││ │   Enter               editor: save                 │ ││
││C│   Esc                 editor: cancel               │ ││
││ │   y                   delete: confirm              │ ││
│╰─│   n / Esc             delete: cancel               │─╯│
│╭─│                                                    │─╮│
││R│ General                                            │ ││
││ │   j/k  ↓/↑            help: scroll down / up       │ ││
││C│   Esc / q / ?         help: close                  │ ││
││ │   ?                   this help                    │ ││
│╰─│   q                   quit                         │─╯│
│  │   Ctrl+C              quit (anywhere)              │  │
│  │                                                    │  │
│  │ j/k scroll  •  esc close                           │  │
╰──╰────────────────────────────────────────────────────╯──╯
 j/k scroll  •  Esc close
