---
source: tests/snapshots.rs
expression: "harness.screen(100, 30)"
---
 TUI KANBAN   Snapshot Board   [BOARD]                      ╭ Task details ────────────────────────╮
 COLUMNS           │╭───────────────────────────────────────│日本語のタスク名と絵文字 🦀🚀         │
                    │ A column with a very long name that wi│が混ざったタイトル                    │
 ▌ A colum…2        │╭──────────────────────────────────────│                                      │
   Done    1        ││A very long task title that keeps goin│ A column with a very long name that w│
                    ││screen                                │                                      │
                    ││- an indented list item               │全角文字の説明文です。幅の計算を確かめ│
                    ││ A column with a very long name that w│ます。                                │
                    │╰──────────────────────────────────────│                                      │
                    │╭──────────────────────────────────────│                                      │
                    ││日本語のタスク名と絵文字 🦀🚀 が混ざっ│                                      │
                    ││                                      │                                      │
                    ││全角文字の説明文です。幅の計算を確かめ│                                      │
                    ││ A column with a very long name that w│                                      │
                    │╰──────────────────────────────────────│                                      │
                    │                                       │                                      │
                    │                                       │                                      │
                    │                                       │                                      │
                    │                                       │                                      │
                    │                                       │                                      │
                    │                                       │                                      │
                    │                                       │                                      │
                    │                                       │                                      │
                    │                                       │                                      │
                    │                                       │                                      │
                    │                                       │created 1d                            │
                    │                                       │updated 3h  •  id 00000000            │
                    │                                       │e edit  •  H/L move  •  d delete  •   │
                    ╰───────────────────────────────────────│esc close                             │
 e edit  •  H/L move  •  PgUp/PgDn scroll  •  esc close     ╰──────────────────────────────────────╯
