---
source: tests/snapshots.rs
expression: "harness.screen(60, 20)"
---
 Snapshot Board   Board · All tasks

 Backlog 3 · In Progress 2 · Done 2
 ▔▔▔▔▔▔▔▔▔▔▔▔▔▔▔▔▔▔▔▔▔▔▔▔▔▔▔▔▔▔▔▔▔▔▔▔▔▔▔▔▔▔▔▔▔▔▔▔▔▔▔▔▔▔▔▔▔▔

── Space ───────────────────────────────────── Esc cancel ──
  h/l         previous / next…   y       duplicate task
  j/k         next / previous…   m       move to…
  PgUp/PgDn   up / down five …   E       edit descriptio…
  Home/End    first / last ca…   d       delete task
  1–9         lane by its num…   H/L     move task left …
  g + letter  lane by its ini…   J/K     move task down …
  v           Board / All tas…   z       collapse / expa…
  b           switch board       /       search
  Enter       open details       ?       this help
  n/N         new task below …   :       command palette
  a           quick add to th…   q       quit
  e           edit task          Ctrl+C  quit (anywhere)

 BOARD   ● saved   j/k card   h/l column   v view   n/N new
