---
source: tests/snapshots.rs
expression: "harness.screen(100, 30)"
---
 Snapshot Board   Board · All tasks

  Columns              Backlog  3                In Progress  2            Done  2
                       ▔▔▔▔▔▔▔▔▔▔▔▔▔▔▔▔▔▔▔▔▔▔▔▔  ▔▔▔▔▔▔▔▔▔▔▔▔▔▔▔▔▔▔▔▔▔▔▔▔  ▔▔▔▔▔▔▔▔▔▔▔▔▔▔▔▔▔▔▔▔▔▔▔▔
 ▌ Backlog         3
   In Progress╭ New task ────────────────────────────────────────────────────────────╮
   Done       │                                                                      │py and test…
              │  Title                                                               │
              │  ▎ What needs doing?                                                 │
              │                                                                      │tests
              │  Description                                                         │
              │    Add details (optional). Markdown works.                           │
              │                                                                      │
              │                                                                      │
              │                                                                      │
              │                                                                      │
              │                                                                      │
              │                                                                      │
              │                                                                      │
              │                                                                      │
              │                                                                      │
              │                                                                      │
              │  Ctrl+S save   Tab switch field   Esc cancel                         │
              │                                                                      │
              ╰──────────────────────────────────────────────────────────────────────╯




 EDIT   ● saved   Ctrl+S save   Tab switch field   Esc cancel
