---
source: tests/snapshots.rs
expression: "harness.screen(100, 30)"
---
 Snapshot Board   Board · All tasks

  Columns              S…  1  S…  1  S…  1  S…  1  S…  1  S…  1  …  1  …  1  …  1  …  1  …  1  …  1
                       ▔▔▔▔▔  ▔▔▔▔▔  ▔▔▔▔▔  ▔▔▔▔▔  ▔▔▔▔▔  ▔▔▔▔▔  ▔▔▔▔  ▔▔▔▔  ▔▔▔▔  ▔▔▔▔  ▔▔▔▔  ▔▔▔▔
 ▌ Stage 1         1
   Stage 2         1   ▌ Ta   ▎ Ta   ▎ Ta   ▎ Ta   ▎ Ta   ▎ Ta   ▎ T   ▎ T   ▎ T   ▎ T   ▎ T   ▎ T
   Stage 3         1   ▌ s…   ▎ s…   ▎ s…   ▎ s…   ▎ s…   ▎ s…   ▎ …   ▎ …   ▎ …   ▎ …   ▎ …   ▎ …
   Stage 4         1   ▌ ◷    ▎ ◷    ▎ ◷    ▎ ◷    ▎ ◷    ▎ ◷    ▎ ◷   ▎ ◷   ▎ ◷   ▎ ◷   ▎ ◷   ▎ ◷
   Stage 5         1
   Stage 6         1
   Stage 7         1
   Stage 8         1
   Stage 9         1
   Stage 10        1
   Stage 11        1
   Stage 12        1













 BOARD   ● saved   Tab rail   j/k card   h/l column   v view   n new   Enter open   e edit
