---
source: tests/snapshots.rs
expression: "harness.render(60, 20)"
---
Buffer {
    area: Rect { x: 0, y: 0, width: 60, height: 20 },
    content: [
        " Snapshot Board   Board · All tasks                         ",
        "                                                            ",
        " Backlog  3                                                 ",
        " ▔▔▔▔▔▔▔▔▔▔▔▔▔▔▔▔▔▔▔▔▔▔▔▔▔▔▔▔▔▔▔▔▔▔▔▔▔▔▔▔▔▔▔▔▔▔▔▔▔▔▔▔▔▔▔▔▔▔ ",
        "                                                            ",
        " ▌ Write the README                                         ",
        " ▌ Cover install, usage, keys and the file format.          ",
        " ▌ ◷ 1d ago                                                 ",
        "                                                            ",
        " ▎ Record a demo                                            ",
        " ▎ Commit the .tape file too.                               ",
        " ▎ ◷ 3d ago                                                 ",
        "                                                            ",
        " ▎ Package release binaries                                 ",
        " ▎ ◷ Aug 20                                                 ",
        "                                                            ",
        "                                                            ",
        "                                                            ",
        "                                                            ",
        " BOARD   ● saved   j/k card   h/l column   v view   n new   ",
    ],
    styles: [
        x: 0, y: 0, fg: Reset, bg: Reset, underline: Reset, modifier: NONE,
        x: 1, y: 0, fg: Reset, bg: Reset, underline: Reset, modifier: BOLD,
        x: 15, y: 0, fg: Reset, bg: Reset, underline: Reset, modifier: NONE,
        x: 18, y: 0, fg: Reset, bg: Reset, underline: Reset, modifier: BOLD,
        x: 23, y: 0, fg: Reset, bg: Reset, underline: Reset, modifier: DIM,
        x: 35, y: 0, fg: Reset, bg: Reset, underline: Reset, modifier: NONE,
        x: 1, y: 2, fg: Reset, bg: Reset, underline: Reset, modifier: BOLD,
        x: 8, y: 2, fg: Reset, bg: Reset, underline: Reset, modifier: DIM,
        x: 11, y: 2, fg: Reset, bg: Reset, underline: Reset, modifier: NONE,
        x: 1, y: 3, fg: Reset, bg: Reset, underline: Reset, modifier: BOLD,
        x: 59, y: 3, fg: Reset, bg: Reset, underline: Reset, modifier: NONE,
        x: 1, y: 5, fg: Reset, bg: Reset, underline: Reset, modifier: BOLD | REVERSED,
        x: 2, y: 5, fg: Reset, bg: Reset, underline: Reset, modifier: REVERSED,
        x: 3, y: 5, fg: Reset, bg: Reset, underline: Reset, modifier: BOLD | REVERSED,
        x: 19, y: 5, fg: Reset, bg: Reset, underline: Reset, modifier: REVERSED,
        x: 59, y: 5, fg: Reset, bg: Reset, underline: Reset, modifier: NONE,
        x: 1, y: 6, fg: Reset, bg: Reset, underline: Reset, modifier: BOLD | REVERSED,
        x: 2, y: 6, fg: Reset, bg: Reset, underline: Reset, modifier: REVERSED,
        x: 3, y: 6, fg: Reset, bg: Reset, underline: Reset, modifier: DIM | REVERSED,
        x: 50, y: 6, fg: Reset, bg: Reset, underline: Reset, modifier: REVERSED,
        x: 59, y: 6, fg: Reset, bg: Reset, underline: Reset, modifier: NONE,
        x: 1, y: 7, fg: Reset, bg: Reset, underline: Reset, modifier: BOLD | REVERSED,
        x: 2, y: 7, fg: Reset, bg: Reset, underline: Reset, modifier: REVERSED,
        x: 3, y: 7, fg: Reset, bg: Reset, underline: Reset, modifier: DIM | REVERSED,
        x: 11, y: 7, fg: Reset, bg: Reset, underline: Reset, modifier: REVERSED,
        x: 59, y: 7, fg: Reset, bg: Reset, underline: Reset, modifier: NONE,
        x: 3, y: 9, fg: Reset, bg: Reset, underline: Reset, modifier: BOLD,
        x: 16, y: 9, fg: Reset, bg: Reset, underline: Reset, modifier: NONE,
        x: 3, y: 10, fg: Reset, bg: Reset, underline: Reset, modifier: DIM,
        x: 29, y: 10, fg: Reset, bg: Reset, underline: Reset, modifier: NONE,
        x: 3, y: 11, fg: Reset, bg: Reset, underline: Reset, modifier: DIM,
        x: 11, y: 11, fg: Reset, bg: Reset, underline: Reset, modifier: NONE,
        x: 3, y: 13, fg: Reset, bg: Reset, underline: Reset, modifier: BOLD,
        x: 27, y: 13, fg: Reset, bg: Reset, underline: Reset, modifier: NONE,
        x: 3, y: 14, fg: Reset, bg: Reset, underline: Reset, modifier: DIM,
        x: 11, y: 14, fg: Reset, bg: Reset, underline: Reset, modifier: NONE,
        x: 0, y: 19, fg: Reset, bg: Reset, underline: Reset, modifier: BOLD | REVERSED,
        x: 7, y: 19, fg: Reset, bg: Reset, underline: Reset, modifier: NONE,
        x: 10, y: 19, fg: Reset, bg: Reset, underline: Reset, modifier: DIM,
        x: 16, y: 19, fg: Reset, bg: Reset, underline: Reset, modifier: NONE,
        x: 19, y: 19, fg: Reset, bg: Reset, underline: Reset, modifier: DIM,
        x: 27, y: 19, fg: Reset, bg: Reset, underline: Reset, modifier: NONE,
        x: 30, y: 19, fg: Reset, bg: Reset, underline: Reset, modifier: DIM,
        x: 40, y: 19, fg: Reset, bg: Reset, underline: Reset, modifier: NONE,
        x: 43, y: 19, fg: Reset, bg: Reset, underline: Reset, modifier: DIM,
        x: 49, y: 19, fg: Reset, bg: Reset, underline: Reset, modifier: NONE,
        x: 52, y: 19, fg: Reset, bg: Reset, underline: Reset, modifier: DIM,
        x: 57, y: 19, fg: Reset, bg: Reset, underline: Reset, modifier: NONE,
    ]
}
