---
source: tests/snapshots.rs
expression: "harness.screen(60, 20)"
---
 TUI KANBAN   Project Board                          saved
╭──────────────────────────────────────────────────────────╮
│ Backlog  0                                               │
│No cards yet                                              │
│                                                          │
│Press n to create one                                     │
│                                                          │
│                                                          │
│                                                          │
│                                                          │
│                                                          │
│                                                          │
│                                                          │
│                                                          │
│                                                          │
│                                                          │
│                                                          │
│                                                          │
╰──────────────────────────────────────────────────────────╯
 j/k card  •  h/l column  •  v view  •  n new
