---
source: tests/snapshots.rs
expression: "harness.screen(60, 20)"
---
 Snapshot Board   Board · All tasks
                                                   2 more ›
 Backlog  3
 ▔▔▔▔▔▔▔▔▔▔▔▔▔▔▔▔▔▔▔▔▔▔▔▔▔▔▔▔▔▔▔▔▔▔▔▔▔▔▔▔▔▔▔▔▔▔▔▔▔▔▔▔▔▔▔▔▔▔
 ╭ New task ──────────────────────────────────────────────╮
 │                                                        │
 │  Title                                                 │
 │    What needs doing?                                   │
 │                                                        │
 │  Description                                           │
 │  ▎ Some details                                        │
 │                                                        │
 │  Enter save   Tab switch field   Esc cancel            │
 │                                                        │
 ╰────────────────────────────────────────────────────────╯




 EDIT   ● saved   Enter save   Tab switch field
