---
source: tests/snapshots.rs
expression: "harness.screen(100, 30)"
---
 Snapshot Board   Board · All tasks

  Columns              Backlog  3                In Progress  2            Done  2
                       ▔▔▔▔▔▔▔▔▔▔▔▔▔▔▔▔▔▔▔▔▔▔▔▔  ▔▔▔▔▔▔▔▔▔▔▔▔▔▔▔▔▔▔▔▔▔▔▔▔  ▔▔▔▔▔▔▔▔▔▔▔▔▔▔▔▔▔▔▔▔▔▔▔▔
 ▌ Backlog         3
   In Progress     2   ▌ Write the README        ▎ Calmer card style       ▎ Set up CI
   Done            2   ▌ Cover install, usage…   ▎ Tiles with an accent…   ▎ fmt, clippy and test…
                       ▌ ◷ 1d ago                ▎ ◷ 12m ago               ▎ ◷ 5h ago

                  ╭ New task ────────────────────────────────────────────────────╮hot tests
                  │                                                              │ago
                  │  Title                                                       │
                  │    What needs doing?                                         │
                  │                                                              │
                  │  Description                                                 │
                  │  ▎ Add details (optional)                                    │
                  │                                                              │
                  │  Enter save   Tab switch field   Esc cancel                  │
                  │                                                              │
                  ╰──────────────────────────────────────────────────────────────╯









 EDIT   ● saved   Enter save   Tab switch field   Esc cancel
