---
source: tests/snapshots.rs
expression: "harness.screen(100, 30)"
---
 TUI KANBAN   Snapshot Board   [BOARD]                                                       saved
 COLUMNS           │╭──────────────────────────────────────────────────────────────────────────────╮
                    │ In Progress  3                                                               │
   Backlog 3        │╭────────────────────────────────────────────────────────────────────────────╮│
 ▌ In Prog…3        ││Calmer card style                                                           ││
   Done    2        ││                                                                            ││
                    ││Tiles with an accent bar.                                                   ││
                    ││ In Progress  •  updated 12m                                                ││
                    │╰────────────────────────────────────────────────────────────────────────────╯│
                    │╭────────────────────────────────────────────────────────────────────────────╮│
                    ││Command table                                                               ││
                    ││                                                                            ││
                    ││Every keybinding defined once.                                              ││
                    ││ In Progress  •  updated 1h                                                 ││
                    │╰────────────────────────────────────────────────────────────────────────────╯│
                    │╭────────────────────────────────────────────────────────────────────────────╮│
                    ││Ship it                                                                     ││
                    ││                                                                            ││
                    ││Before Friday                                                               ││
                    ││ In Progress  •  updated just now                                           ││
                    │╰────────────────────────────────────────────────────────────────────────────╯│
                    │                                                                              │
                    │                                                                              │
                    │                                                                              │
                    │                                                                              │
                    │                                                                              │
                    │                                                                              │
                    │                                                                              │
                    ╰──────────────────────────────────────────────────────────────────────────────╯
 tab rail  •  v view  •  hjkl move  •  n new  •  e edit  •  ? help   Task saved
