---
source: tests/snapshots.rs
expression: "harness.screen(60, 20)"
---
 Snapshot Board   Board · All tasks
   ╭ Keys · Board ──────────────────────────────────────╮
 Ba│ Navigation                                         │
 ▔▔│   h/l  ←/→            previous / next column       │▔▔
   │   j/k  ↓/↑            next / previous card         │
 ▌ │   PgUp/PgDn           up / down five cards or rows │
 ▌ │   Home/End  g g/G     first / last card            │
 ▌ │   1–9                 lane by its number           │
   │   g + letter          lane by its initial          │
 ▎ │   Tab / Shift+Tab     focus rail / cards           │
 ▎ │   v                   Board / All tasks            │
 ▎ │                                                    │
   │ Tasks                                              │
 ▎ │   Enter               open details                 │
 ▎ │   n/N                 new task below / above       │
   │   a                   quick add to this lane       │
   │                                                    │
   │ ↓ more   j/k scroll   Esc close                    │
   ╰────────────────────────────────────────────────────╯
 HELP   ● saved   j/k scroll   Esc close
