---
source: tests/snapshots.rs
expression: "harness.screen(100, 30)"
---
 TUI KANBAN   Snapshot Board   [BOARD]                                                       saved
 COLUMNS           │╭──────────────────────────────────────────────────────────────────────────────╮
                    │ Backlog  3                                                                   │
 ▌ Backlog 3        │╭────────────────────────────────────────────────────────────────────────────╮│
   In Prog…2        ││Write the README                                                            ││
   Done    2        ││                                                                            ││
                    ││Cover install, usage, keys and the file format.                             ││
                    ││ Backlog  •  updated 1d                                                     ││
                    │╰────────────────────────────────────────────────────────────────────────────╯│
                    │╭────────────────────────────────────────────────────────────────────────────╮│
                    ││Reco╭ Delete task ─────────────────────────────────╮                        ││
                    ││    │Delete Write the README?                      │                        ││
                    ││Comm│                                              │                        ││
                    ││ Bac│y confirm  •  n cancel                        │                        ││
                    │╰────│                                              │────────────────────────╯│
                    │╭────│                                              │────────────────────────╮│
                    ││Pack│                                              │                        ││
                    ││    │                                              │                        ││
                    ││No d╰──────────────────────────────────────────────╯                        ││
                    ││ Backlog  •  updated 9d                                                     ││
                    │╰────────────────────────────────────────────────────────────────────────────╯│
                    │                                                                              │
                    │                                                                              │
                    │                                                                              │
                    │                                                                              │
                    │                                                                              │
                    │                                                                              │
                    │                                                                              │
                    ╰──────────────────────────────────────────────────────────────────────────────╯
 y confirm  •  n cancel
