---
source: tests/snapshots.rs
expression: "harness.screen(100, 40)"
---
 Snapshot Board   Board · All tasks

  Columns              Backlog  3                In Progress  2            Done  2
                       ╭ Keys · Board ──────────────────────────────────────╮▔▔▔▔▔▔▔▔▔▔▔▔▔▔▔▔▔▔▔▔▔▔
 ▌ Backlog         3   │ Navigation                                         │
   In Progress     2   │   h/l  ←/→            previous / next column       │Set up CI
   Done            2   │   j/k  ↓/↑            next / previous card         │fmt, clippy and test…
                       │   PgUp/PgDn           up / down five cards or rows │◷ 5h ago
                       │   Home/End  g g/G     first / last card            │
                       │   1–9                 lane by its number           │Snapshot tests
                       │   g + letter          lane by its initial          │◷ 1d ago
                       │   Tab / Shift+Tab     focus rail / cards           │
                       │   v                   Board / All tasks            │
                       │                                                    │
                       │ Tasks                                              │
                       │   Enter               open details                 │
                       │   n/N                 new task below / above       │
                       │   a                   quick add to this lane       │
                       │   e                   edit task                    │
                       │   y                   duplicate task               │
                       │   m                   move to…                     │
                       │   E                   edit description in $EDITOR  │
                       │   d                   delete task                  │
                       │   H/L                 move task left / right       │
                       │   J/K                 move task down / up          │
                       │   u/U  Ctrl+Z/Ctrl+R  undo / redo                  │
                       │   /                   search                       │
                       │   Esc                 back / clear search          │
                       │                                                    │
                       │ General                                            │
                       │   ?                   this help                    │
                       │   q                   quit                         │
                       │   Ctrl+C              quit (anywhere)              │
                       │                                                    │
                       │ j/k scroll   Esc close                             │
                       ╰────────────────────────────────────────────────────╯



 HELP   ● saved   j/k scroll   Esc close
