---
source: tests/snapshots.rs
expression: "harness.screen(60, 20)"
---
 TUI KANBAN   Snapshot Board                         saved
╭──────────────────────────────────────────────────────────╮
│ Back╭ New task ────────────────────────────────────╮     │
│╭────│ Title      ╭────────────────────────────────╮│────╮│
││Writ│            │Task title                      ││    ││
││    │            ╰────────────────────────────────╯│    ││
││Cove│ Description╭────────────────────────────────╮│    ││
││ Bac│            │Some details                    ││    ││
│╰────│            │                                ││────╯│
│╭────│            │                                ││────╮│
││Reco│            │                                ││    ││
││    │            │                                ││    ││
││Comm│            │                                ││    ││
││ Bac│            ╰────────────────────────────────╯│    ││
│╰────│Enter save  •  Tab switch field               │────╯│
│     │                                              │     │
│     ╰──────────────────────────────────────────────╯     │
│                                                          │
╰──────────────────────────────────────────────────────────╯
 Enter save  •  Tab switch field  •  Esc cancel
