---
source: tests/snapshots.rs
expression: "harness.screen(60, 20)"
---
 TUI KANBAN   Snapshot Board                         saved
╭─────╭ Keyboard shortcuts ──────────────────────────╮─────╮
│ Back│   e                edit task                 │     │
│╭────│   d                delete task               │────╮│
││Writ│   H / L            move task to column       │    ││
││    │   Enter            open details              │    ││
││Cove│   /                search                    │    ││
││ Bac│                                              │    ││
│╰────│ Details                                      │────╯│
│╭────│   PageUp / PageDn  scroll description        │────╮│
││Reco│   H / L            move task from drawer     │    ││
││    │                                              │    ││
││Comm│ General                                      │    ││
││ Bac│   ?                this help                 │    ││
│╰────│   Esc              close or cancel           │────╯│
│     │   q / Ctrl+C       quit                      │     │
│     │                                              │     │
│     │ j/k scroll  •  esc close                     │     │
╰─────╰──────────────────────────────────────────────╯─────╯
 j/k scroll  •  any other key close
