---
source: tests/snapshots.rs
expression: "harness.screen(30, 8)"
---
                       saved
╭────────────────────────────╮
│ Backlog  3                 │
│╭──────────────────────────╮│
││                          ││
│╰──────────────────────────╯│
╰────────────────────────────╯
 j/k card  •  h/l column
